#
# There is insufficient memory for the Java Runtime Environment to continue.
# Native memory allocation (malloc) failed to allocate 1535192 bytes. Error detail: Chunk::new
# Possible reasons:
#   The system is out of physical RAM or swap space
#   This process is running with CompressedOops enabled, and the Java Heap may be blocking the growth of the native heap
# Possible solutions:
#   Reduce memory load on the system
#   Increase physical memory or swap space
#   Check if swap backing store is full
#   Decrease Java heap size (-Xmx/-Xms)
#   Decrease number of Java threads
#   Decrease Java thread stack sizes (-Xss)
#   Set larger code cache with -XX:ReservedCodeCacheSize=
#   JVM is running with Unscaled Compressed Oops mode in which the Java heap is
#     placed in the first 4GB address space. The Java Heap base address is the
#     maximum limit for the native heap growth. Please use -XX:HeapBaseMinAddress
#     to set the Java Heap base and to place the Java Heap above 4GB virtual address.
# This output file may be truncated or incomplete.
#
#  Out of Memory Error (arena.cpp:193), pid=17812, tid=11812
#
# JRE version: Java(TM) SE Runtime Environment (26.0.1+8) (build 26.0.1+8-34)
# Java VM: Java HotSpot(TM) 64-Bit Server VM (26.0.1+8-34, mixed mode, sharing, tiered, compressed oops, compressed class ptrs, g1 gc, windows-amd64)
# No core dump will be written. Minidumps are not enabled by default on client versions of Windows
#

---------------  S U M M A R Y ------------

Command Line: -Xmx64m -Xms64m -Dorg.gradle.appname=gradlew C:\Users\batu\AndroidStudioProjects\Minimuv\\gradle\wrapper\gradle-wrapper.jar :app:compileDebugKotlin --console=plain

Host: 12th Gen Intel(R) Core(TM) i5-12500H, 16 cores, 7G,  Windows 11 , 64 bit Build 26100 (10.0.26100.8521)
Time: Sun Aug 23 04:38:02 2026 Türkiye Standart Saati elapsed time: 3.105216 seconds (0d 0h 0m 3s)

---------------  T H R E A D  ---------------

Current thread (0x00000261f99f5b40):  JavaThread "C2 CompilerThread0" daemon [_thread_in_native, id=11812, stack(0x000000f618400000,0x000000f618500000) (1024K)]


Current CompileTask:
C2:3105  656       4       java.io.WinNTFileSystem::normalize (148 bytes)

Stack: [0x000000f618400000,0x000000f618500000]
Native frames: (J=compiled Java code, j=interpreted, Vv=VM code, C=native code)
V  [jvm.dll+0x7d5879]  (no source info available)
V  [jvm.dll+0x7a37dd]  (no source info available)
V  [jvm.dll+0x9b0c10]  (no source info available)
V  [jvm.dll+0x9b3061]  (no source info available)
V  [jvm.dll+0x9b3773]  (no source info available)
V  [jvm.dll+0x30df76]  (no source info available)
V  [jvm.dll+0x11d8a6]  (no source info available)
V  [jvm.dll+0x11dbce]  (no source info available)
V  [jvm.dll+0x1afbe6]  (no source info available)
V  [jvm.dll+0x3ca822]  (no source info available)
V  [jvm.dll+0x7de462]  (no source info available)
V  [jvm.dll+0x2d1647]  (no source info available)
V  [jvm.dll+0x2d05bf]  (no source info available)
V  [jvm.dll+0x246820]  (no source info available)
V  [jvm.dll+0x2e06dc]  (no source info available)
V  [jvm.dll+0x2de8bd]  (no source info available)
V  [jvm.dll+0x4a3ff1]  (no source info available)
V  [jvm.dll+0x94f649]  (no source info available)
V  [jvm.dll+0x7d7358]  (no source info available)
C  [ucrtbase.dll+0x2cd30]  (no source info available)
C  [KERNEL32.DLL+0x2e957]  (no source info available)
C  [ntdll.dll+0x87c1c]  (no source info available)

Lock stack of current Java thread (top to bottom):


---------------  P R O C E S S  ---------------

Threads class SMR info:
_java_thread_list=0x00000261fe7865c0, length=13, elements={
0x00000261dc1137c0, 0x00000261f99edd60, 0x00000261f99ee510, 0x00000261f99f0cd0,
0x00000261f99f3860, 0x00000261f99f4140, 0x00000261f99f48f0, 0x00000261f99f5b40,
0x00000261f9a00980, 0x00000261f9abe030, 0x00000261f9b048d0, 0x00000261fe257b90,
0x000002618017e7b0
}

Java Threads: ( => current thread )
  0x00000261dc1137c0 JavaThread "main"                              [_thread_in_vm, id=2508, stack(0x000000f617500000,0x000000f617600000) (1024K)]
  0x00000261f99edd60 JavaThread "Reference Handler"          daemon [_thread_blocked, id=19276, stack(0x000000f617e00000,0x000000f617f00000) (1024K)]
  0x00000261f99ee510 JavaThread "Finalizer"                  daemon [_thread_blocked, id=19472, stack(0x000000f617f00000,0x000000f618000000) (1024K)]
  0x00000261f99f0cd0 JavaThread "Signal Dispatcher"          daemon [_thread_blocked, id=20784, stack(0x000000f618000000,0x000000f618100000) (1024K)]
  0x00000261f99f3860 JavaThread "Attach Listener"            daemon [_thread_blocked, id=9176, stack(0x000000f618100000,0x000000f618200000) (1024K)]
  0x00000261f99f4140 JavaThread "Service Thread"             daemon [_thread_blocked, id=4408, stack(0x000000f618200000,0x000000f618300000) (1024K)]
  0x00000261f99f48f0 JavaThread "Monitor Deflation Thread"   daemon [_thread_blocked, id=14684, stack(0x000000f618300000,0x000000f618400000) (1024K)]
=>0x00000261f99f5b40 JavaThread "C2 CompilerThread0"         daemon [_thread_in_native, id=11812, stack(0x000000f618400000,0x000000f618500000) (1024K)]
  0x00000261f9a00980 JavaThread "C1 CompilerThread0"         daemon [_thread_blocked, id=14472, stack(0x000000f618500000,0x000000f618600000) (1024K)]
  0x00000261f9abe030 JavaThread "Notification Thread"        daemon [_thread_blocked, id=2712, stack(0x000000f618600000,0x000000f618700000) (1024K)]
  0x00000261f9b048d0 JavaThread "Common-Cleaner"             daemon [_thread_blocked, id=18520, stack(0x000000f618700000,0x000000f618800000) (1024K)]
  0x00000261fe257b90 JavaThread "C1 CompilerThread1"         daemon [_thread_blocked, id=18256, stack(0x000000f618800000,0x000000f618900000) (1024K)]
  0x000002618017e7b0 JavaThread "C2 CompilerThread1"         daemon [_thread_in_native, id=17372, stack(0x000000f618900000,0x000000f618a00000) (1024K)]
Total: 13

Other Threads:
  0x00000261de52e2c0 VMThread "VM Thread"                           [id=7200, stack(0x000000f617d00000,0x000000f617e00000) (1024K)]
  0x00000261de4fb560 WatcherThread "VM Periodic Task Thread"        [id=6988, stack(0x000000f617c00000,0x000000f617d00000) (1024K)]
  0x00000261de490260 WorkerThread "GC Thread#0"                     [id=10988, stack(0x000000f617600000,0x000000f617700000) (1024K)]
  0x00000261de491f20 ConcurrentGCThread "G1 Main Marker"            [id=4016, stack(0x000000f617700000,0x000000f617800000) (1024K)]
  0x00000261de492aa0 WorkerThread "G1 Conc#0"                       [id=15264, stack(0x000000f617800000,0x000000f617900000) (1024K)]
  0x00000261de4fee70 WorkerThread "G1 Refinement Workers#0"         [id=21348, stack(0x000000f617a00000,0x000000f617b00000) (1024K)]
  0x00000261de4fa8a0 ConcurrentGCThread "G1 Refine Control"         [id=12220, stack(0x000000f617900000,0x000000f617a00000) (1024K)]
  0x00000261de4ff3e0 ConcurrentGCThread "G1 Service"                [id=1376, stack(0x000000f617b00000,0x000000f617c00000) (1024K)]
Total: 8

Threads with active compile tasks:
C2 CompilerThread0  3295  656       4       java.io.WinNTFileSystem::normalize (148 bytes)
C1 CompilerThread0  3295  754   !   3       java.util.zip.Inflater::inflate (456 bytes)
C2 CompilerThread1  3295  690       4       java.util.zip.ZipFile$Source::isMetaName (141 bytes)
Total: 3

VM state: not at safepoint (normal execution)

VM Mutex/Monitor currently owned by a thread: None

Heap address: 0x00000000fc000000, size: 64 MB, Compressed Oops mode: 32-bit

CDS archive(s) mapped at: [0x000000003c000000-0x000000003cde0000-0x000000003cde0000), size 14548992, SharedBaseAddress: 0x000000003c000000, ArchiveRelocationMode: 1.
Compressed class space mapped at: 0x000000003d000000-0x000000007d000000, reserved size: 1073741824
UseCompressedClassPointers 1, UseCompactObjectHeaders 0
Narrow klass pointer bits 32, Max shift 3
Narrow klass base: 0x000000003c000000, Narrow klass shift: 0
Encoding Range: [0x000000003c000000 - 0x000000013c000000), (4294967296 bytes)
Klass Range:    [0x000000003c000000 - 0x000000007d000000), (1090519040 bytes)
Klass ID Range:  [8 - 1090519033) (1090519025)
Protection zone: [0x000000003c000000 - 0x000000003c010000), (65536 bytes)

GC Precious Log:
 CardTable entry size: 512
 Card Set container configuration: InlinePtr #cards 5 size 8 Array Of Cards #cards 10 size 36 Howl #buckets 4 coarsen threshold 1843 Howl Bitmap #cards 512 size 80 coarsen threshold 460 Card regions per heap region 1 cards per card region 2048
 CPUs: 16 total, 16 available
 Memory: 7936M
 Large Page Support: Disabled
 NUMA Support: Disabled
 Compressed Oops: Enabled (32-bit)
 Heap Region Size: 1M
 Heap Min Capacity: 64M
 Heap Initial Capacity: 64M
 Heap Max Capacity: 64M
 Pre-touch: Disabled
 Parallel Workers: 13
 Concurrent Workers: 3
 Concurrent Refinement Workers: 13
 Periodic GC: Disabled

Heap:
 garbage-first heap   total reserved 65536K, committed 65536K, used 16547K [0x00000000fc000000, 0x0000000100000000)
  region size 1M, 16 eden (16M), 0 survivor (0M), 2 old (2M), 0 humongous (0M), 46 free (46M)

Heap Regions: E=young(eden), S=young(survivor), O=old, HS=humongous(starts), HC=humongous(continues), CS=collection set, F=free, TAMS=top-at-mark-start, PB=parsable bottom
|    0|0x00000000fc000000, 0x00000000fc000000, 0x00000000fc100000|  0%| F|  |TAMS 0x00000000fc000000| PB 0x00000000fc000000| Untracked |  0
|    1|0x00000000fc100000, 0x00000000fc100000, 0x00000000fc200000|  0%| F|  |TAMS 0x00000000fc100000| PB 0x00000000fc100000| Untracked |  0
|    2|0x00000000fc200000, 0x00000000fc200000, 0x00000000fc300000|  0%| F|  |TAMS 0x00000000fc200000| PB 0x00000000fc200000| Untracked |  0
|    3|0x00000000fc300000, 0x00000000fc300000, 0x00000000fc400000|  0%| F|  |TAMS 0x00000000fc300000| PB 0x00000000fc300000| Untracked |  0
|    4|0x00000000fc400000, 0x00000000fc400000, 0x00000000fc500000|  0%| F|  |TAMS 0x00000000fc400000| PB 0x00000000fc400000| Untracked |  0
|    5|0x00000000fc500000, 0x00000000fc500000, 0x00000000fc600000|  0%| F|  |TAMS 0x00000000fc500000| PB 0x00000000fc500000| Untracked |  0
|    6|0x00000000fc600000, 0x00000000fc600000, 0x00000000fc700000|  0%| F|  |TAMS 0x00000000fc600000| PB 0x00000000fc600000| Untracked |  0
|    7|0x00000000fc700000, 0x00000000fc700000, 0x00000000fc800000|  0%| F|  |TAMS 0x00000000fc700000| PB 0x00000000fc700000| Untracked |  0
|    8|0x00000000fc800000, 0x00000000fc800000, 0x00000000fc900000|  0%| F|  |TAMS 0x00000000fc800000| PB 0x00000000fc800000| Untracked |  0
|    9|0x00000000fc900000, 0x00000000fc900000, 0x00000000fca00000|  0%| F|  |TAMS 0x00000000fc900000| PB 0x00000000fc900000| Untracked |  0
|   10|0x00000000fca00000, 0x00000000fca00000, 0x00000000fcb00000|  0%| F|  |TAMS 0x00000000fca00000| PB 0x00000000fca00000| Untracked |  0
|   11|0x00000000fcb00000, 0x00000000fcb00000, 0x00000000fcc00000|  0%| F|  |TAMS 0x00000000fcb00000| PB 0x00000000fcb00000| Untracked |  0
|   12|0x00000000fcc00000, 0x00000000fcc00000, 0x00000000fcd00000|  0%| F|  |TAMS 0x00000000fcc00000| PB 0x00000000fcc00000| Untracked |  0
|   13|0x00000000fcd00000, 0x00000000fcd00000, 0x00000000fce00000|  0%| F|  |TAMS 0x00000000fcd00000| PB 0x00000000fcd00000| Untracked |  0
|   14|0x00000000fce00000, 0x00000000fce00000, 0x00000000fcf00000|  0%| F|  |TAMS 0x00000000fce00000| PB 0x00000000fce00000| Untracked |  0
|   15|0x00000000fcf00000, 0x00000000fcf00000, 0x00000000fd000000|  0%| F|  |TAMS 0x00000000fcf00000| PB 0x00000000fcf00000| Untracked |  0
|   16|0x00000000fd000000, 0x00000000fd000000, 0x00000000fd100000|  0%| F|  |TAMS 0x00000000fd000000| PB 0x00000000fd000000| Untracked |  0
|   17|0x00000000fd100000, 0x00000000fd100000, 0x00000000fd200000|  0%| F|  |TAMS 0x00000000fd100000| PB 0x00000000fd100000| Untracked |  0
|   18|0x00000000fd200000, 0x00000000fd200000, 0x00000000fd300000|  0%| F|  |TAMS 0x00000000fd200000| PB 0x00000000fd200000| Untracked |  0
|   19|0x00000000fd300000, 0x00000000fd300000, 0x00000000fd400000|  0%| F|  |TAMS 0x00000000fd300000| PB 0x00000000fd300000| Untracked |  0
|   20|0x00000000fd400000, 0x00000000fd400000, 0x00000000fd500000|  0%| F|  |TAMS 0x00000000fd400000| PB 0x00000000fd400000| Untracked |  0
|   21|0x00000000fd500000, 0x00000000fd500000, 0x00000000fd600000|  0%| F|  |TAMS 0x00000000fd500000| PB 0x00000000fd500000| Untracked |  0
|   22|0x00000000fd600000, 0x00000000fd600000, 0x00000000fd700000|  0%| F|  |TAMS 0x00000000fd600000| PB 0x00000000fd600000| Untracked |  0
|   23|0x00000000fd700000, 0x00000000fd700000, 0x00000000fd800000|  0%| F|  |TAMS 0x00000000fd700000| PB 0x00000000fd700000| Untracked |  0
|   24|0x00000000fd800000, 0x00000000fd800000, 0x00000000fd900000|  0%| F|  |TAMS 0x00000000fd800000| PB 0x00000000fd800000| Untracked |  0
|   25|0x00000000fd900000, 0x00000000fd900000, 0x00000000fda00000|  0%| F|  |TAMS 0x00000000fd900000| PB 0x00000000fd900000| Untracked |  0
|   26|0x00000000fda00000, 0x00000000fda00000, 0x00000000fdb00000|  0%| F|  |TAMS 0x00000000fda00000| PB 0x00000000fda00000| Untracked |  0
|   27|0x00000000fdb00000, 0x00000000fdb00000, 0x00000000fdc00000|  0%| F|  |TAMS 0x00000000fdb00000| PB 0x00000000fdb00000| Untracked |  0
|   28|0x00000000fdc00000, 0x00000000fdc00000, 0x00000000fdd00000|  0%| F|  |TAMS 0x00000000fdc00000| PB 0x00000000fdc00000| Untracked |  0
|   29|0x00000000fdd00000, 0x00000000fdd00000, 0x00000000fde00000|  0%| F|  |TAMS 0x00000000fdd00000| PB 0x00000000fdd00000| Untracked |  0
|   30|0x00000000fde00000, 0x00000000fde00000, 0x00000000fdf00000|  0%| F|  |TAMS 0x00000000fde00000| PB 0x00000000fde00000| Untracked |  0
|   31|0x00000000fdf00000, 0x00000000fdf00000, 0x00000000fe000000|  0%| F|  |TAMS 0x00000000fdf00000| PB 0x00000000fdf00000| Untracked |  0
|   32|0x00000000fe000000, 0x00000000fe000000, 0x00000000fe100000|  0%| F|  |TAMS 0x00000000fe000000| PB 0x00000000fe000000| Untracked |  0
|   33|0x00000000fe100000, 0x00000000fe100000, 0x00000000fe200000|  0%| F|  |TAMS 0x00000000fe100000| PB 0x00000000fe100000| Untracked |  0
|   34|0x00000000fe200000, 0x00000000fe200000, 0x00000000fe300000|  0%| F|  |TAMS 0x00000000fe200000| PB 0x00000000fe200000| Untracked |  0
|   35|0x00000000fe300000, 0x00000000fe300000, 0x00000000fe400000|  0%| F|  |TAMS 0x00000000fe300000| PB 0x00000000fe300000| Untracked |  0
|   36|0x00000000fe400000, 0x00000000fe400000, 0x00000000fe500000|  0%| F|  |TAMS 0x00000000fe400000| PB 0x00000000fe400000| Untracked |  0
|   37|0x00000000fe500000, 0x00000000fe500000, 0x00000000fe600000|  0%| F|  |TAMS 0x00000000fe500000| PB 0x00000000fe500000| Untracked |  0
|   38|0x00000000fe600000, 0x00000000fe600000, 0x00000000fe700000|  0%| F|  |TAMS 0x00000000fe600000| PB 0x00000000fe600000| Untracked |  0
|   39|0x00000000fe700000, 0x00000000fe700000, 0x00000000fe800000|  0%| F|  |TAMS 0x00000000fe700000| PB 0x00000000fe700000| Untracked |  0
|   40|0x00000000fe800000, 0x00000000fe800000, 0x00000000fe900000|  0%| F|  |TAMS 0x00000000fe800000| PB 0x00000000fe800000| Untracked |  0
|   41|0x00000000fe900000, 0x00000000fe900000, 0x00000000fea00000|  0%| F|  |TAMS 0x00000000fe900000| PB 0x00000000fe900000| Untracked |  0
|   42|0x00000000fea00000, 0x00000000fea00000, 0x00000000feb00000|  0%| F|  |TAMS 0x00000000fea00000| PB 0x00000000fea00000| Untracked |  0
|   43|0x00000000feb00000, 0x00000000feb00000, 0x00000000fec00000|  0%| F|  |TAMS 0x00000000feb00000| PB 0x00000000feb00000| Untracked |  0
|   44|0x00000000fec00000, 0x00000000fec00000, 0x00000000fed00000|  0%| F|  |TAMS 0x00000000fec00000| PB 0x00000000fec00000| Untracked |  0
|   45|0x00000000fed00000, 0x00000000fed00000, 0x00000000fee00000|  0%| F|  |TAMS 0x00000000fed00000| PB 0x00000000fed00000| Untracked |  0
|   46|0x00000000fee00000, 0x00000000fef00000, 0x00000000fef00000|100%| E|CS|TAMS 0x00000000fee00000| PB 0x00000000fee00000| Complete  |  0
|   47|0x00000000fef00000, 0x00000000ff000000, 0x00000000ff000000|100%| E|CS|TAMS 0x00000000fef00000| PB 0x00000000fef00000| Complete  |  0
|   48|0x00000000ff000000, 0x00000000ff100000, 0x00000000ff100000|100%| E|CS|TAMS 0x00000000ff000000| PB 0x00000000ff000000| Complete  |  0
|   49|0x00000000ff100000, 0x00000000ff200000, 0x00000000ff200000|100%| E|CS|TAMS 0x00000000ff100000| PB 0x00000000ff100000| Complete  |  0
|   50|0x00000000ff200000, 0x00000000ff300000, 0x00000000ff300000|100%| E|CS|TAMS 0x00000000ff200000| PB 0x00000000ff200000| Complete  |  0
|   51|0x00000000ff300000, 0x00000000ff400000, 0x00000000ff400000|100%| E|CS|TAMS 0x00000000ff300000| PB 0x00000000ff300000| Complete  |  0
|   52|0x00000000ff400000, 0x00000000ff500000, 0x00000000ff500000|100%| E|CS|TAMS 0x00000000ff400000| PB 0x00000000ff400000| Complete  |  0
|   53|0x00000000ff500000, 0x00000000ff600000, 0x00000000ff600000|100%| E|CS|TAMS 0x00000000ff500000| PB 0x00000000ff500000| Complete  |  0
|   54|0x00000000ff600000, 0x00000000ff700000, 0x00000000ff700000|100%| E|CS|TAMS 0x00000000ff600000| PB 0x00000000ff600000| Complete  |  0
|   55|0x00000000ff700000, 0x00000000ff800000, 0x00000000ff800000|100%| E|CS|TAMS 0x00000000ff700000| PB 0x00000000ff700000| Complete  |  0
|   56|0x00000000ff800000, 0x00000000ff900000, 0x00000000ff900000|100%| E|CS|TAMS 0x00000000ff800000| PB 0x00000000ff800000| Complete  |  0
|   57|0x00000000ff900000, 0x00000000ffa00000, 0x00000000ffa00000|100%| E|CS|TAMS 0x00000000ff900000| PB 0x00000000ff900000| Complete  |  0
|   58|0x00000000ffa00000, 0x00000000ffb00000, 0x00000000ffb00000|100%| E|CS|TAMS 0x00000000ffa00000| PB 0x00000000ffa00000| Complete  |  0
|   59|0x00000000ffb00000, 0x00000000ffc00000, 0x00000000ffc00000|100%| E|CS|TAMS 0x00000000ffb00000| PB 0x00000000ffb00000| Complete  |  0
|   60|0x00000000ffc00000, 0x00000000ffd00000, 0x00000000ffd00000|100%| E|CS|TAMS 0x00000000ffc00000| PB 0x00000000ffc00000| Complete  |  0
|   61|0x00000000ffd00000, 0x00000000ffe00000, 0x00000000ffe00000|100%| E|CS|TAMS 0x00000000ffd00000| PB 0x00000000ffd00000| Complete  |  0
|   62|0x00000000ffe00000, 0x00000000fff00000, 0x00000000fff00000|100%| O|  |TAMS 0x00000000ffe00000| PB 0x00000000ffe00000| Untracked |  0
|   63|0x00000000fff00000, 0x00000000fff28d80, 0x0000000100000000| 15%| O|  |TAMS 0x00000000fff00000| PB 0x00000000fff00000| Untracked |  0

Card table byte_map: [0x00000261de3c0000,0x00000261de3e0000] _byte_map_base: 0x00000261ddbe0000
Refinement table byte_map: [0x00000261de3e0000,0x00000261de400000] _byte_map_base: 0x00000261ddc00000

Marking Bits: (CMBitMap*) 0x00000261de4909e0
 Bits: [0x00000261f69a0000, 0x00000261f6aa0000)

Polling page: 0x00000261ddc30000

Metaspace:
Metaspace        used 1738K, committed 1920K, reserved 1114112K
 class space     used 159K, committed 256K, reserved 1048576K

Usage:
  Non-class:      1.54 MB used.
      Class:    159.75 KB used.
       Both:      1.70 MB used.

Virtual space:
  Non-class space:       64.00 MB reserved,       1.62 MB (  3%) committed,  1 nodes.
      Class space:        1.00 GB reserved,     256.00 KB ( <1%) committed,  1 nodes.
             Both:        1.06 GB reserved,       1.88 MB ( <1%) committed. 

Chunk freelists:
   Non-Class:  11.64 MB
       Class:  15.64 MB
        Both:  27.28 MB

MaxMetaspaceSize: unlimited
CompressedClassSpaceSize: 1.00 GB
Initial GC threshold: 21.00 MB
Current GC threshold: 21.00 MB
CDS: on
 - commit_granule_bytes: 65536.
 - commit_granule_words: 8192.
 - virtual_space_node_default_size: 8388608.
 - enlarge_chunks_in_place: 1.
UseCompressedClassPointers 1, UseCompactObjectHeaders 0
Narrow klass pointer bits 32, Max shift 3
Narrow klass base: 0x000000003c000000, Narrow klass shift: 0
Encoding Range: [0x000000003c000000 - 0x000000013c000000), (4294967296 bytes)
Klass Range:    [0x000000003c000000 - 0x000000007d000000), (1090519040 bytes)
Klass ID Range:  [8 - 1090519033) (1090519025)
Protection zone: [0x000000003c000000 - 0x000000003c010000), (65536 bytes)


Internal statistics:

num_allocs_failed_limit: 0.
num_arena_births: 30.
num_arena_deaths: 0.
num_vsnodes_births: 2.
num_vsnodes_deaths: 0.
num_space_committed: 30.
num_space_uncommitted: 0.
num_chunks_returned_to_freelist: 0.
num_chunks_taken_from_freelist: 62.
num_chunk_merges: 0.
num_chunk_splits: 38.
num_chunks_enlarged: 27.
num_inconsistent_stats: 0.

CodeHeap 'non-profiled nmethods': size=119168Kb used=210Kb max_used=210Kb free=118957Kb
 bounds [0x00000261eecc0000, 0x00000261eef30000, 0x00000261f6120000]
CodeHeap 'profiled nmethods': size=119168Kb used=1075Kb max_used=1075Kb free=118092Kb
 bounds [0x00000261e7110000, 0x00000261e7380000, 0x00000261ee570000]
CodeHeap 'non-nmethods': size=7488Kb used=1882Kb max_used=3013Kb free=5605Kb
 bounds [0x00000261ee570000, 0x00000261ee870000, 0x00000261eecc0000]
CodeCache: size=245824Kb, used=3167Kb, max_used=4298Kb, free=242654Kb
 total_blobs=1186, nmethods=755, adapters=334, full_count=0
Compilation: enabled, stopped_count=0, restarted_count=0

Compilation events (20 events):
Event: 2.081 Thread 0x00000261f9a00980  653       3       java.lang.ThreadLocal::get (35 bytes)
Event: 2.082 Thread 0x00000261f9a00980 nmethod 653 0x00000261e71f0d08 code [0x00000261e71f0e00, 0x00000261e71f1360]
Event: 2.083 Thread 0x00000261f9a00980  654       3       java.util.jar.Manifest$FastInputStream::peek (38 bytes)
Event: 2.083 Thread 0x00000261fe257b90  655       3       java.lang.String::utf8 (269 bytes)
Event: 2.084 Thread 0x00000261f9a00980 nmethod 654 0x00000261e71f1388 code [0x00000261e71f1480, 0x00000261e71f1680]
Event: 2.084 Thread 0x00000261f99f5b40  656       4       java.io.WinNTFileSystem::normalize (148 bytes)
Event: 2.084 Thread 0x00000261f9a00980  657       3       jdk.internal.misc.CarrierThreadLocal::get (10 bytes)
Event: 2.084 Thread 0x00000261f9a00980 nmethod 657 0x00000261e71f1688 code [0x00000261e71f1780, 0x00000261e71f1a30]
Event: 2.084 Thread 0x00000261f9a00980  658       3       java.lang.System$1::getCarrierThreadLocal (5 bytes)
Event: 2.085 Thread 0x00000261fe257b90 nmethod 655 0x00000261e71f1a88 code [0x00000261e71f1b80, 0x00000261e71f28c0]
Event: 2.085 Thread 0x00000261fe257b90  659       3       java.lang.ThreadLocal::getCarrierThreadLocal (29 bytes)
Event: 2.085 Thread 0x00000261f9a00980 nmethod 658 0x00000261e71f2908 code [0x00000261e71f2a00, 0x00000261e71f2c48]
Event: 2.085 Thread 0x00000261fe257b90 nmethod 659 0x00000261e71f2c88 code [0x00000261e71f2d80, 0x00000261e71f2ed8]
Event: 2.086 Thread 0x00000261fe257b90  660       3       java.io.File::exists (18 bytes)
Event: 2.087 Thread 0x00000261fe257b90 nmethod 660 0x00000261e71f2f88 code [0x00000261e71f3080, 0x00000261e71f3720]
Event: 2.089 Thread 0x00000261fe1f2060  661       4       java.lang.AbstractStringBuilder::append (102 bytes)
Event: 2.093 Thread 0x00000261fe1f2060 nmethod 661 0x00000261eecf0908 code [0x00000261eecf0a00, 0x00000261eecf0cd0]
Event: 2.096 Thread 0x00000261fe257b90  662       3       jdk.internal.access.SharedSecrets::javaUtilJarAccess (19 bytes)
Event: 2.096 Thread 0x00000261fe257b90 nmethod 662 0x00000261e71f3788 code [0x00000261e71f3880, 0x00000261e71f3970]
Event: 3.099 Thread 0x00000261fe257b90  663       3       java.util.zip.ZipFile$Source::isMetaName (141 bytes)

GC Heap Usage History (0 events):
No events

Metaspace Usage History (0 events):
No events

Dll operation events (10 events):
Event: 0.017 Attempting to load shared library C:\Program Files\Java\jdk-26.0.1\bin\java.dll
Event: 0.022 Loaded shared library C:\Program Files\Java\jdk-26.0.1\bin\java.dll
Event: 0.096 Attempting to load shared library C:\Program Files\Java\jdk-26.0.1\bin\net.dll
Event: 0.097 Loaded shared library C:\Program Files\Java\jdk-26.0.1\bin\net.dll
Event: 0.102 Attempting to load shared library C:\Program Files\Java\jdk-26.0.1\bin\nio.dll
Event: 0.104 Loaded shared library C:\Program Files\Java\jdk-26.0.1\bin\nio.dll
Event: 0.111 Attempting to load shared library C:\Program Files\Java\jdk-26.0.1\bin\zip.dll
Event: 0.113 Loaded shared library C:\Program Files\Java\jdk-26.0.1\bin\zip.dll
Event: 1.879 Attempting to load shared library C:\Program Files\Java\jdk-26.0.1\bin\jimage.dll
Event: 1.879 Loaded shared library C:\Program Files\Java\jdk-26.0.1\bin\jimage.dll

Deoptimization events (20 events):
Event: 1.862 Thread 0x00000261dc1137c0 DEOPT PACKING pc=0x00000261e7160a41 sp=0x000000f6175fed60
Event: 1.863 Thread 0x00000261dc1137c0 DEOPT UNPACKING pc=0x00000261ee5c1a02 sp=0x000000f6175fe228 mode 0
Event: 1.863 Thread 0x00000261dc1137c0 DEOPT PACKING pc=0x00000261e7160a41 sp=0x000000f6175fed60
Event: 1.863 Thread 0x00000261dc1137c0 DEOPT UNPACKING pc=0x00000261ee5c1a02 sp=0x000000f6175fe228 mode 0
Event: 1.863 Thread 0x00000261dc1137c0 DEOPT PACKING pc=0x00000261e7160a41 sp=0x000000f6175fed60
Event: 1.863 Thread 0x00000261dc1137c0 DEOPT UNPACKING pc=0x00000261ee5c1a02 sp=0x000000f6175fe228 mode 0
Event: 1.914 Thread 0x00000261dc1137c0 DEOPT PACKING pc=0x00000261e7176e19 sp=0x000000f6175fecc0
Event: 1.914 Thread 0x00000261dc1137c0 DEOPT UNPACKING pc=0x00000261ee5c1a02 sp=0x000000f6175fe110 mode 0
Event: 1.926 Thread 0x00000261dc1137c0 DEOPT PACKING pc=0x00000261e7176e19 sp=0x000000f6175fecc0
Event: 1.926 Thread 0x00000261dc1137c0 DEOPT UNPACKING pc=0x00000261ee5c1a02 sp=0x000000f6175fe110 mode 0
Event: 1.992 Thread 0x00000261dc1137c0 Uncommon trap: trap_request=0xffffff45 fr.pc=0x00000261eece7874 relative=0x0000000000000574
Event: 1.993 Thread 0x00000261dc1137c0 Uncommon trap: reason=unstable_if action=reinterpret pc=0x00000261eece7874 method=java.lang.StringLatin1.indexOf([BI[BII)I @ 27 c2
Event: 1.993 Thread 0x00000261dc1137c0 DEOPT PACKING pc=0x00000261eece7874 sp=0x000000f6175fd170
Event: 1.993 Thread 0x00000261dc1137c0 DEOPT UNPACKING pc=0x00000261ee694082 sp=0x000000f6175fd0d0 mode 2
Event: 1.997 Thread 0x00000261dc1137c0 DEOPT PACKING pc=0x00000261e71c5019 sp=0x000000f6175fa5b0
Event: 1.997 Thread 0x00000261dc1137c0 DEOPT UNPACKING pc=0x00000261ee5c1a02 sp=0x000000f6175f9a28 mode 0
Event: 2.100 Thread 0x00000261dc1137c0 Uncommon trap: trap_request=0xffffff45 fr.pc=0x00000261eeceabf8 relative=0x0000000000000178
Event: 2.100 Thread 0x00000261dc1137c0 Uncommon trap: reason=unstable_if action=reinterpret pc=0x00000261eeceabf8 method=java.util.zip.ZipFile$Source.isMetaName([BII)Z @ 43 c2
Event: 2.100 Thread 0x00000261dc1137c0 DEOPT PACKING pc=0x00000261eeceabf8 sp=0x000000f6175f9e00
Event: 3.099 Thread 0x00000261dc1137c0 DEOPT UNPACKING pc=0x00000261ee694082 sp=0x000000f6175f9da8 mode 2

Classes loaded (20 events):
Event: 0.343 Loading class java/lang/ScopedValue$Carrier
Event: 0.344 Loading class java/lang/ScopedValue$Carrier done
Event: 0.344 Loading class java/util/jar/JarFile$1
Event: 0.345 Loading class java/util/jar/JarFile$1 done
Event: 0.345 Loading class java/lang/ScopedValue$Snapshot
Event: 0.345 Loading class java/lang/ScopedValue$Snapshot done
Event: 0.345 Loading class jdk/internal/vm/ScopedValueContainer
Event: 0.346 Loading class jdk/internal/vm/ScopedValueContainer done
Event: 0.346 Loading class java/util/concurrent/StructureViolationException
Event: 0.346 Loading class java/util/concurrent/StructureViolationException done
Event: 0.347 Loading class sun/security/util/ManifestEntryVerifier
Event: 0.347 Loading class sun/security/util/ManifestEntryVerifier done
Event: 0.395 Loading class java/net/MalformedURLException
Event: 0.396 Loading class java/net/MalformedURLException done
Event: 0.400 Loading class java/io/FileFilter
Event: 0.401 Loading class java/io/FileFilter done
Event: 0.688 Loading class java/lang/invoke/DirectMethodHandle$Special
Event: 0.689 Loading class java/lang/invoke/DirectMethodHandle$Special done
Event: 0.702 Loading class java/util/AbstractList$Itr
Event: 0.702 Loading class java/util/AbstractList$Itr done

Classes unloaded (0 events):
No events

Classes redefined (0 events):
No events

Internal exceptions (3 events):
Event: 0.225 Thread 0x00000261dc1137c0 Exception <a 'java/lang/NoSuchMethodError'{0x00000000ffc22bc0}: 'java.lang.Object java.lang.invoke.DirectMethodHandle$Holder.invokeStaticInit(java.lang.Object)'> (0x00000000ffc22bc0) 
thrown [s\open\src\hotspot\share\interpreter\linkResolver.cpp, line 804]
Event: 0.349 Thread 0x00000261dc1137c0 Exception <a 'java/lang/NoSuchMethodError'{0x00000000ffa5a900}: 'void java.lang.invoke.DirectMethodHandle$Holder.invokeStatic(java.lang.Object, java.lang.Object)'> (0x00000000ffa5a900) 
thrown [s\open\src\hotspot\share\interpreter\linkResolver.cpp, line 804]
Event: 0.350 Thread 0x00000261dc1137c0 Exception <a 'java/lang/NoSuchMethodError'{0x00000000ffa62f60}: 'void java.lang.invoke.DirectMethodHandle$Holder.invokeSpecial(java.lang.Object, java.lang.Object, java.lang.Object)'> (0x00000000ffa62f60) 
thrown [s\open\src\hotspot\share\interpreter\linkResolver.cpp, line 804]

VM Operations (0 events):
No events

Memory protections (0 events):
No events

Nmethod flushes (0 events):
No events

Events (20 events):
Event: 0.077 Thread 0x00000261dc1137c0 Thread added: 0x00000261f99f3860
Event: 0.077 Thread 0x00000261dc1137c0 Thread added: 0x00000261f99f4140
Event: 0.077 Thread 0x00000261dc1137c0 Thread added: 0x00000261f99f48f0
Event: 0.077 Thread 0x00000261dc1137c0 Thread added: 0x00000261f99f5b40
Event: 0.078 Thread 0x00000261dc1137c0 Thread added: 0x00000261f9a00980
Event: 0.082 Thread 0x00000261dc1137c0 Thread added: 0x00000261f9abe030
Event: 0.089 Thread 0x00000261dc1137c0 Thread added: 0x00000261f9b048d0
Event: 0.249 Thread 0x00000261f9a00980 Thread added: 0x00000261f9bf87d0
Event: 0.325 Thread 0x00000261f99f5b40 Thread added: 0x00000261f9c51930
Event: 0.325 Thread 0x00000261f99f5b40 Thread added: 0x00000261f9c52130
Event: 1.765 Thread 0x00000261f9c52130 Thread exited: 0x00000261f9c52130
Event: 1.767 Thread 0x00000261f9c51930 Thread exited: 0x00000261f9c51930
Event: 1.767 Thread 0x00000261f9bf87d0 Thread exited: 0x00000261f9bf87d0
Event: 1.823 Thread 0x00000261f9a00980 Thread added: 0x00000261fe257b90
Event: 1.840 Thread 0x00000261fe257b90 Thread added: 0x00000261fe1ef4a0
Event: 1.847 Thread 0x00000261f99f5b40 Thread added: 0x00000261fe1f2060
Event: 1.849 Thread 0x00000261fe257b90 Thread added: 0x00000261fe1f2860
Event: 3.099 Thread 0x00000261fe1f2860 Thread exited: 0x00000261fe1f2860
Event: 3.099 Thread 0x00000261fe1ef4a0 Thread exited: 0x00000261fe1ef4a0
Event: 3.099 Thread 0x00000261fe1f2060 Thread exited: 0x00000261fe1f2060


Dynamic libraries:
0x00007ff7b4cd0000 - 0x00007ff7b4ce0000 	C:\Program Files\Java\jdk-26.0.1\bin\java.exe
0x00007ffca3280000 - 0x00007ffca34e6000 	C:\WINDOWS\SYSTEM32\ntdll.dll
0x00007ffca1af0000 - 0x00007ffca1bb9000 	C:\WINDOWS\System32\KERNEL32.DLL
0x00007ffca0680000 - 0x00007ffca0a7a000 	C:\WINDOWS\System32\KERNELBASE.dll
0x00007ffca0d20000 - 0x00007ffca0e6c000 	C:\WINDOWS\System32\ucrtbase.dll
0x00007ffc85510000 - 0x00007ffc8552e000 	C:\Program Files\Java\jdk-26.0.1\bin\VCRUNTIME140.dll
0x00007ffc854f0000 - 0x00007ffc85507000 	C:\Program Files\Java\jdk-26.0.1\bin\jli.dll
0x00007ffca2bc0000 - 0x00007ffca2d87000 	C:\WINDOWS\System32\USER32.dll
0x00007ffca0650000 - 0x00007ffca0677000 	C:\WINDOWS\System32\win32u.dll
0x00007ffc7c530000 - 0x00007ffc7c7c2000 	C:\WINDOWS\WinSxS\amd64_microsoft.windows.common-controls_6595b64144ccf1df_6.0.26100.8521_none_3e08b75ce33403b3\COMCTL32.dll
0x00007ffca1090000 - 0x00007ffca10bb000 	C:\WINDOWS\System32\GDI32.dll
0x00007ffca30d0000 - 0x00007ffca3179000 	C:\WINDOWS\System32\msvcrt.dll
0x00007ffca0bf0000 - 0x00007ffca0d1b000 	C:\WINDOWS\System32\gdi32full.dll
0x00007ffca0a80000 - 0x00007ffca0b23000 	C:\WINDOWS\System32\msvcp_win.dll
0x00007ffca19d0000 - 0x00007ffca1a02000 	C:\WINDOWS\System32\IMM32.DLL
0x00007ffc854e0000 - 0x00007ffc854ec000 	C:\Program Files\Java\jdk-26.0.1\bin\vcruntime140_1.dll
0x00007ffc6ea40000 - 0x00007ffc6eacd000 	C:\Program Files\Java\jdk-26.0.1\bin\msvcp140.dll
0x00007ffbe0b40000 - 0x00007ffbe1a0e000 	C:\Program Files\Java\jdk-26.0.1\bin\server\jvm.dll
0x00007ffca1c70000 - 0x00007ffca1d26000 	C:\WINDOWS\System32\ADVAPI32.dll
0x00007ffca1bc0000 - 0x00007ffca1c6a000 	C:\WINDOWS\System32\sechost.dll
0x00007ffca2fb0000 - 0x00007ffca30c8000 	C:\WINDOWS\System32\RPCRT4.dll
0x00007ffca1000000 - 0x00007ffca1080000 	C:\WINDOWS\System32\WS2_32.dll
0x00007ffc9f470000 - 0x00007ffc9f4ce000 	C:\WINDOWS\SYSTEM32\POWRPROF.dll
0x00007ffc97df0000 - 0x00007ffc97dfb000 	C:\WINDOWS\SYSTEM32\VERSION.dll
0x00007ffc947d0000 - 0x00007ffc94806000 	C:\WINDOWS\SYSTEM32\WINMM.dll
0x00007ffc9f450000 - 0x00007ffc9f464000 	C:\WINDOWS\SYSTEM32\UMPDC.dll
0x00007ffc9f310000 - 0x00007ffc9f32b000 	C:\WINDOWS\SYSTEM32\kernel.appcore.dll
0x00007ffc854d0000 - 0x00007ffc854da000 	C:\Program Files\Java\jdk-26.0.1\bin\jimage.dll
0x00007ffc9d400000 - 0x00007ffc9d642000 	C:\WINDOWS\SYSTEM32\DBGHELP.DLL
0x00007ffca1560000 - 0x00007ffca18e3000 	C:\WINDOWS\System32\combase.dll
0x00007ffca1a10000 - 0x00007ffca1ae9000 	C:\WINDOWS\System32\OLEAUT32.dll
0x00007ffc6e4e0000 - 0x00007ffc6e51b000 	C:\WINDOWS\SYSTEM32\dbgcore.DLL
0x00007ffca0510000 - 0x00007ffca05b8000 	C:\WINDOWS\System32\bcryptPrimitives.dll
0x00007ffc848f0000 - 0x00007ffc8490f000 	C:\Program Files\Java\jdk-26.0.1\bin\java.dll
0x00007ffca2e10000 - 0x00007ffca2fa8000 	C:\WINDOWS\System32\ole32.dll
0x00007ffca1d30000 - 0x00007ffca24b4000 	C:\WINDOWS\System32\SHELL32.dll
0x00007ffc9e0f0000 - 0x00007ffc9e970000 	C:\WINDOWS\SYSTEM32\windows.storage.dll
0x00007ffca1130000 - 0x00007ffca1226000 	C:\WINDOWS\System32\SHCORE.dll
0x00007ffca10c0000 - 0x00007ffca1127000 	C:\WINDOWS\System32\shlwapi.dll
0x00007ffca0430000 - 0x00007ffca0459000 	C:\WINDOWS\SYSTEM32\profapi.dll
0x00007ffc77cb0000 - 0x00007ffc77cc2000 	C:\Program Files\Java\jdk-26.0.1\bin\net.dll
0x00007ffc9f930000 - 0x00007ffc9f99c000 	C:\WINDOWS\system32\mswsock.dll
0x00007ffc76d50000 - 0x00007ffc76d66000 	C:\Program Files\Java\jdk-26.0.1\bin\nio.dll
0x00007ffc76d30000 - 0x00007ffc76d47000 	C:\Program Files\Java\jdk-26.0.1\bin\zip.dll

JVMTI agents: none

dbghelp: loaded successfully - version: 4.0.5 - missing functions: none
symbol engine: initialized successfully - sym options: 0x614 - pdb path: .;C:\Program Files\Java\jdk-26.0.1\bin;C:\WINDOWS\SYSTEM32;C:\WINDOWS\WinSxS\amd64_microsoft.windows.common-controls_6595b64144ccf1df_6.0.26100.8521_none_3e08b75ce33403b3;C:\Program Files\Java\jdk-26.0.1\bin\server

VM Arguments:
jvm_args: -Xmx64m -Xms64m -Dorg.gradle.appname=gradlew 
java_command: C:\Users\batu\AndroidStudioProjects\Minimuv\\gradle\wrapper\gradle-wrapper.jar :app:compileDebugKotlin --console=plain
java_class_path (initial): C:\Users\batu\AndroidStudioProjects\Minimuv\\gradle\wrapper\gradle-wrapper.jar
Launcher Type: SUN_STANDARD

[Global flags]
     bool AOTAdapterCaching                        = false                                  {diagnostic} {ergonomic}
     bool AOTInvokeDynamicLinking                  = false                                  {diagnostic} {ergonomic}
     bool AOTRecordTraining                        = false                                  {diagnostic} {ergonomic}
     bool AOTReplayTraining                        = false                                  {diagnostic} {ergonomic}
     bool AOTStubCaching                           = false                                  {diagnostic} {ergonomic}
     intx CICompilerCount                          = 12                                        {product} {ergonomic}
     uint ConcGCThreads                            = 3                                         {product} {ergonomic}
     uint G1ConcRefinementThreads                  = 13                                        {product} {ergonomic}
     uint G1EagerReclaimRemSetThreshold            = 10                                   {experimental} {ergonomic}
   size_t G1HeapRegionSize                         = 1048576                                   {product} {ergonomic}
     uint G1RemSetArrayOfCardsEntries              = 10                                   {experimental} {ergonomic}
     uint G1RemSetHowlMaxNumBuckets                = 8                                    {experimental} {ergonomic}
     uint G1RemSetHowlNumBuckets                   = 4                                    {experimental} {ergonomic}
   size_t InitialHeapSize                          = 67108864                                  {product} {command line}
     bool IntelJccErratumMitigation                = false                             {ARCH diagnostic} {ergonomic}
   size_t MarkStackSize                            = 4194304                                   {product} {ergonomic}
   size_t MarkStackSizeMax                         = 536870912                                 {product} {ergonomic}
   size_t MaxHeapSize                              = 67108864                                  {product} {command line}
   size_t MaxNewSize                               = 39845888                                  {product} {ergonomic}
 uint64_t MaxRAM                                   = 8321732608                                {product} {ergonomic}
   size_t MinHeapDeltaBytes                        = 1048576                                   {product} {ergonomic}
   size_t MinHeapSize                              = 67108864                                  {product} {command line}
   size_t NonNMethodCodeHeapSize                   = 7667712                                {pd product} {ergonomic}
   size_t NonProfiledCodeHeapSize                  = 122028032                              {pd product} {ergonomic}
   size_t ProfiledCodeHeapSize                     = 122028032                              {pd product} {ergonomic}
   size_t ReservedCodeCacheSize                    = 251723776                              {pd product} {ergonomic}
     bool SegmentedCodeCache                       = true                                      {product} {ergonomic}
   size_t SoftMaxHeapSize                          = 67108864                               {manageable} {ergonomic}
     bool UseCompressedOops                        = true                           {product lp64_product} {ergonomic}
     bool UseCondCardMark                          = true                                      {product} {ergonomic}
     bool UseFastUnorderedTimeStamps               = true                                 {experimental} {ergonomic}
     bool UseG1GC                                  = true                                      {product} {ergonomic}
     bool UseLargePagesIndividualAllocation        = false                                  {pd product} {ergonomic}
      int X86ICacheSync                            = 3                                 {ARCH diagnostic} {ergonomic}

Logging:
Log output configuration:
 #0: stdout all=warning uptime,level,tags foldmultilines=false
 #1: stderr all=off uptime,level,tags foldmultilines=false

Release file:
IMPLEMENTOR="Oracle Corporation" 
JAVA_RUNTIME_VERSION="26.0.1+8-34" 
JAVA_VERSION="26.0.1" 
JAVA_VERSION_DATE="2026-04-21" 
LIBC="default" 
MODULES="java.base java.compiler java.datatransfer java.xml java.prefs java.desktop java.instrument java.logging java.management java.security.sasl java.naming java.rmi java.management.rmi java.net.http java.scripting java.security.jgss java.transaction.xa java.sql java.sql.rowset java.xml.crypto java.se java.smartcardio jdk.accessibility jdk.internal.jvmstat jdk.attach jdk.charsets jdk.internal.opt jdk.zipfs jdk.compiler jdk.crypto.cryptoki jdk.crypto.ec jdk.crypto.mscapi jdk.dynalink jdk.internal.ed jdk.editpad jdk.internal.vm.ci jdk.graal.compiler jdk.graal.compiler.management jdk.hotspot.agent jdk.httpserver jdk.incubator.vector jdk.internal.le jdk.internal.md jdk.jartool jdk.javadoc jdk.jcmd jdk.management jdk.management.agent jdk.jconsole jdk.jdeps jdk.jdwp.agent jdk.jdi jdk.jfr jdk.jlink jdk.jpackage jdk.jshell jdk.jstatd jdk.localedata jdk.management.jfr jdk.naming.dns jdk.naming.rmi jdk.net jdk.nio.mapmode jdk.sctp jdk.security.auth jdk.security.jgss jdk.unsupported jdk.unsupported.desktop jdk.xml.dom" 
OS_ARCH="x86_64" 
OS_NAME="Windows" 
SOURCE=".:git:8fcde8268d22 open:git:fcc00fc4aee7" 

Environment Variables:
PATH=C:\Program Files\Common Files\Oracle\Java\javapath;C:\WINDOWS\system32;C:\WINDOWS;C:\WINDOWS\System32\Wbem;C:\WINDOWS\System32\WindowsPowerShell\v1.0\;C:\WINDOWS\System32\OpenSSH\;C:\Program Files\Git\cmd;C:\Program Files\nodejs\;C:\Program Files\NVIDIA Corporation\NVIDIA App\NvDLISR;C:\Program Files\dotnet\;C:\Program Files (x86)\NVIDIA Corporation\PhysX\Common;C:\Program Files\GitHub CLI\;C:\Users\batu\AppData\Local\Programs\Python\Python314\Scripts\;C:\Users\batu\AppData\Local\Programs\Python\Python314\;C:\Users\batu\AppData\Local\Microsoft\WindowsApps;C:\Users\batu\AppData\Local\Programs\Microsoft VS Code\bin;C:\Users\batu\AppData\Roaming\npm;C:\Users\batu\AppData\Local\Programs\Antigravity IDE\bin
USERNAME=batu
OS=Windows_NT
PROCESSOR_IDENTIFIER=Intel64 Family 6 Model 154 Stepping 3, GenuineIntel
TMP=C:\Users\batu\AppData\Local\Temp
TEMP=C:\Users\batu\AppData\Local\Temp




Compilation memory statistics disabled.

Periodic native trim disabled

---------------  S Y S T E M  ---------------

OS:
 Windows 11 , 64 bit Build 26100 (10.0.26100.8521)
OS uptime: 0 days 4:43 hours

CPU: total 16 (initial active 16) (hybrid) family 6 model 154 stepping 3 microcode 0x414, cx8, cmov, fxsr, ht, mmx, 3dnowpref, sse, sse2, sse3, ssse3, sse4.1, sse4.2, popcnt, lzcnt, tsc, tscinvbit, avx, avx2, aes, erms, clmul, bmi1, bmi2, adx, sha, fma, vzeroupper, clflush, clflushopt, clwb, serialize, rdtscp, rdpid, fsrm, gfni, f16c, pku, cet_ibt, cet_ss, hybrid
Processor Information for processor 0
  Max Mhz: 2500, Current Mhz: 2500, Mhz Limit: 2500
Processor Information for processor 1
  Max Mhz: 2500, Current Mhz: 2500, Mhz Limit: 2500
Processor Information for processor 2
  Max Mhz: 2500, Current Mhz: 2500, Mhz Limit: 2500
Processor Information for processor 3
  Max Mhz: 2500, Current Mhz: 2500, Mhz Limit: 2500
Processor Information for processor 4
  Max Mhz: 2500, Current Mhz: 2500, Mhz Limit: 2500
Processor Information for processor 5
  Max Mhz: 2500, Current Mhz: 2500, Mhz Limit: 2500
Processor Information for processor 6
  Max Mhz: 2500, Current Mhz: 2500, Mhz Limit: 2500
Processor Information for processor 7
  Max Mhz: 2500, Current Mhz: 2500, Mhz Limit: 2500
Processor Information for processor 8
  Max Mhz: 2500, Current Mhz: 1800, Mhz Limit: 1800
Processor Information for processor 9
  Max Mhz: 2500, Current Mhz: 1800, Mhz Limit: 1800
Processor Information for processor 10
  Max Mhz: 2500, Current Mhz: 1800, Mhz Limit: 1800
Processor Information for processor 11
  Max Mhz: 2500, Current Mhz: 1800, Mhz Limit: 1800
Processor Information for processor 12
  Max Mhz: 2500, Current Mhz: 1800, Mhz Limit: 1800
Processor Information for processor 13
  Max Mhz: 2500, Current Mhz: 1800, Mhz Limit: 1800
Processor Information for processor 14
  Max Mhz: 2500, Current Mhz: 1800, Mhz Limit: 1800
Processor Information for processor 15
  Max Mhz: 2500, Current Mhz: 1800, Mhz Limit: 1800

Memory: 4k page, system-wide physical 7936M (801M free)
TotalPageFile size 32512M (AvailPageFile size 14M)
current process WorkingSet (physical memory assigned to process): 71M, peak: 71M
current process commit charge ("private bytes"): 170M, peak: 170M

vm_info: Java HotSpot(TM) 64-Bit Server VM (26.0.1+8-34) for windows-amd64 JRE (26.0.1+8-34), built on 2026-03-10T17:24:10Z with MS VC++ 17.13 (VS2022)

END.
